2026-10-08 14:11:35.753 INFO  o.h.validator.internal.util.Version - HV000001: Hibernate Validator 8.0.3.Final
2026-10-08 14:11:35.964 INFO  com.civa.app.AppApplication - Starting AppApplication using Java 21.0.12.1 with PID 13380 (C:\Users\recim\Desktop\Backend-civa\civa-backend-api\target\classes started by recim in C:\Users\recim\Desktop\Backend-civa\civa-backend-api)
2026-10-08 14:11:35.965 INFO  com.civa.app.AppApplication - The following 1 profile is active: "dev"
2026-10-08 14:11:36.112 INFO  o.s.b.d.e.DevToolsPropertyDefaultsPostProcessor - Devtools property defaults active! Set 'spring.devtools.add-properties' to 'false' to disable
2026-10-08 14:11:36.112 INFO  o.s.b.d.e.DevToolsPropertyDefaultsPostProcessor - For additional web related logging consider setting the 'logging.level.web' property to 'DEBUG'
2026-10-08 14:11:39.411 INFO  o.s.d.r.c.RepositoryConfigurationDelegate - Bootstrapping Spring Data JPA repositories in DEFAULT mode.
2026-10-08 14:11:39.679 INFO  o.s.d.r.c.RepositoryConfigurationDelegate - Finished Spring Data repository scanning in 233 ms. Found 6 JPA repository interfaces.
2026-10-08 14:11:41.623 INFO  o.s.b.w.e.tomcat.TomcatWebServer - Tomcat initialized with port 8080 (http)
2026-10-08 14:11:41.685 INFO  o.a.coyote.http11.Http11NioProtocol - Initializing ProtocolHandler ["http-nio-8080"]
2026-10-08 14:11:41.691 INFO  o.a.catalina.core.StandardService - Starting service [Tomcat]
2026-10-08 14:11:41.692 INFO  o.a.catalina.core.StandardEngine - Starting Servlet engine: [Apache Tomcat/10.1.54]
2026-10-08 14:11:41.859 INFO  o.a.c.c.C.[Tomcat].[localhost].[/] - Initializing Spring embedded WebApplicationContext
2026-10-08 14:11:41.864 INFO  o.s.b.w.s.c.ServletWebServerApplicationContext - Root WebApplicationContext: initialization completed in 5748 ms
2026-10-08 14:11:42.540 INFO  o.h.jpa.internal.util.LogHelper - HHH000204: Processing PersistenceUnitInfo [name: default]
2026-10-08 14:11:42.828 INFO  org.hibernate.Version - HHH000412: Hibernate ORM core version 6.6.49.Final
2026-10-08 14:11:42.979 INFO  o.h.c.i.RegionFactoryInitiator - HHH000026: Second-level cache disabled
2026-10-08 14:11:43.915 INFO  o.s.o.j.p.SpringPersistenceUnitInfo - No LoadTimeWeaver setup: ignoring JPA class transformer
2026-10-08 14:11:44.008 INFO  com.zaxxer.hikari.HikariDataSource - HikariPool-1 - Starting...
2026-10-08 14:11:44.543 INFO  com.zaxxer.hikari.pool.HikariPool - HikariPool-1 - Added connection org.postgresql.jdbc.PgConnection@1136c667
2026-10-08 14:11:44.548 INFO  com.zaxxer.hikari.HikariDataSource - HikariPool-1 - Start completed.
2026-10-08 14:11:44.811 INFO  o.hibernate.orm.connections.pooling - HHH10001005: Database info:
	Database JDBC URL [Connecting through datasource 'HikariDataSource (HikariPool-1)']
	Database driver: undefined/unknown
	Database version: 17.10
	Autocommit mode: undefined/unknown
	Isolation level: undefined/unknown
	Minimum pool size: undefined/unknown
	Maximum pool size: undefined/unknown
2026-10-08 14:11:47.974 INFO  o.h.e.t.j.p.i.JtaPlatformInitiator - HHH000489: No JTA platform available (set 'hibernate.transaction.jta.platform' to enable JTA platform integration)
2026-10-08 14:11:48.608 INFO  o.s.o.j.LocalContainerEntityManagerFactoryBean - Initialized JPA EntityManagerFactory for persistence unit 'default'
2026-10-08 14:11:50.020 INFO  o.s.d.j.r.query.QueryEnhancerFactory - Hibernate is in classpath; If applicable, HQL parser will be used.
2026-10-08 14:11:52.418 INFO  o.s.s.c.a.a.c.InitializeUserDetailsBeanManagerConfigurer$InitializeUserDetailsManagerConfigurer - Global AuthenticationManager configured with UserDetailsService bean with name userDetailsServiceImp
2026-10-08 14:11:52.774 WARN  o.s.b.a.o.j.JpaBaseConfiguration$JpaWebConfiguration - spring.jpa.open-in-view is enabled by default. Therefore, database queries may be performed during view rendering. Explicitly configure spring.jpa.open-in-view to disable this warning
2026-10-08 14:11:54.905 INFO  o.s.b.d.a.OptionalLiveReloadServer - LiveReload server is running on port 35729
2026-10-08 14:11:54.949 INFO  o.a.coyote.http11.Http11NioProtocol - Starting ProtocolHandler ["http-nio-8080"]
2026-10-08 14:11:54.999 INFO  o.s.b.w.e.tomcat.TomcatWebServer - Tomcat started on port 8080 (http) with context path '/'
2026-10-08 14:11:55.016 INFO  com.civa.app.AppApplication - Started AppApplication in 20.501 seconds (process running for 21.632)
2026-10-08 14:13:33.066 INFO  o.s.b.w.e.tomcat.GracefulShutdown - Commencing graceful shutdown. Waiting for active requests to complete
2026-10-08 14:13:33.077 INFO  o.s.b.w.e.tomcat.GracefulShutdown - Graceful shutdown complete
2026-10-08 14:13:33.089 INFO  o.s.o.j.LocalContainerEntityManagerFactoryBean - Closing JPA EntityManagerFactory for persistence unit 'default'
2026-10-08 14:13:33.095 INFO  com.zaxxer.hikari.HikariDataSource - HikariPool-1 - Shutdown initiated...
2026-10-08 14:13:33.115 INFO  com.zaxxer.hikari.HikariDataSource - HikariPool-1 - Shutdown completed.
